{"level":"info","message":{"duration":"10ms","ip":"::1","method":"OPTIONS","status":500,"url":"/users/login"},"timestamp":"2025-12-21T19:55:58.440Z"}
{"level":"info","message":{"duration":"2ms","ip":"::ffff:127.0.0.1","method":"OPTIONS","status":500,"url":"/users/login"},"timestamp":"2025-12-21T19:56:25.631Z"}
{"level":"info","message":{"duration":"2ms","ip":"::1","method":"OPTIONS","status":500,"url":"/users/login"},"timestamp":"2025-12-21T19:56:37.517Z"}
{"level":"info","message":{"duration":"11ms","ip":"::1","method":"OPTIONS","status":500,"url":"/users/login"},"timestamp":"2025-12-21T20:03:40.077Z"}
{"level":"info","message":{"duration":"9ms","ip":"::1","method":"OPTIONS","status":500,"url":"/users/login"},"timestamp":"2025-12-21T20:04:47.322Z"}
{"level":"info","message":{"duration":"24ms","ip":"::1","method":"POST","status":500,"url":"/users/login"},"timestamp":"2025-12-21T20:05:14.872Z"}
{"level":"info","message":{"duration":"2ms","ip":"::1","method":"OPTIONS","status":500,"url":"/users/register"},"timestamp":"2025-12-21T20:06:15.652Z"}
{"level":"info","message":{"duration":"28ms","ip":"::1","method":"POST","status":500,"url":"/users/login"},"timestamp":"2025-12-21T20:08:45.310Z"}
{"level":"info","message":{"duration":"31ms","ip":"::1","method":"POST","status":500,"url":"/users/login"},"timestamp":"2025-12-21T20:11:27.902Z"}
{"level":"info","message":{"duration":"182ms","ip":"::1","method":"POST","status":500,"url":"/users/login"},"timestamp":"2025-12-21T20:13:04.774Z"}
{"level":"info","message":{"duration":"641ms","ip":"::1","method":"POST","status":500,"url":"/users/login"},"timestamp":"2025-12-21T20:14:18.024Z"}
{"level":"info","message":{"duration":"18ms","ip":"::1","method":"POST","status":400,"url":"/users/login"},"timestamp":"2025-12-21T20:16:44.581Z"}
{"level":"info","message":{"duration":"222ms","ip":"::1","method":"POST","status":500,"url":"/users/login"},"timestamp":"2025-12-21T20:17:14.946Z"}
{"level":"info","message":{"duration":"3ms","ip":"::1","method":"POST","status":400,"url":"/users/login"},"timestamp":"2025-12-21T20:17:22.880Z"}
{"level":"info","message":{"duration":"161ms","ip":"::1","method":"POST","status":500,"url":"/users/login"},"timestamp":"2025-12-21T20:17:25.545Z"}
{"level":"info","message":{"duration":"263ms","ip":"::1","method":"POST","status":200,"url":"/login"},"timestamp":"2025-12-21T20:17:53.057Z"}
{"level":"info","message":{"duration":"307ms","ip":"::1","method":"GET","status":200,"url":"/"},"timestamp":"2025-12-21T20:17:54.038Z"}
{"level":"info","message":{"duration":"2102ms","ip":"::1","method":"POST","status":201,"url":"/"},"timestamp":"2025-12-21T20:21:15.486Z"}
{"level":"info","message":{"duration":"1069ms","ip":"::1","method":"POST","status":201,"url":"/"},"timestamp":"2025-12-21T20:21:15.547Z"}
{"level":"info","message":{"duration":"209ms","ip":"::1","method":"POST","status":200,"url":"/login"},"timestamp":"2025-12-21T20:23:49.055Z"}
{"level":"info","message":{"duration":"222ms","ip":"::1","method":"GET","status":200,"url":"/"},"timestamp":"2025-12-21T20:23:49.784Z"}
{"level":"info","message":{"duration":"217ms","ip":"::1","method":"GET","status":200,"url":"/"},"timestamp":"2025-12-21T20:25:23.951Z"}
{"level":"info","message":{"duration":"201ms","ip":"::1","method":"GET","status":304,"url":"/"},"timestamp":"2025-12-21T20:25:24.282Z"}
{"level":"info","message":{"duration":"221ms","ip":"::1","method":"GET","status":304,"url":"/"},"timestamp":"2025-12-21T20:26:22.476Z"}
{"level":"info","message":{"duration":"192ms","ip":"::1","method":"GET","status":304,"url":"/"},"timestamp":"2025-12-21T20:28:57.639Z"}
{"level":"info","message":{"duration":"1235ms","ip":"::1","method":"POST","status":201,"url":"/"},"timestamp":"2025-12-21T20:29:47.854Z"}
{"level":"info","message":{"duration":"1109ms","ip":"::1","method":"POST","status":201,"url":"/"},"timestamp":"2025-12-21T20:29:47.942Z"}
{"level":"info","message":{"duration":"1126ms","ip":"::1","method":"POST","status":201,"url":"/"},"timestamp":"2025-12-21T20:29:57.255Z"}
{"level":"info","message":{"duration":"257ms","ip":"::1","method":"POST","status":200,"url":"/logout"},"timestamp":"2025-12-21T20:30:23.363Z"}
{"level":"info","message":{"duration":"186ms","ip":"::1","method":"POST","status":200,"url":"/login"},"timestamp":"2025-12-21T20:30:25.644Z"}
{"level":"info","message":{"duration":"211ms","ip":"::1","method":"GET","status":200,"url":"/"},"timestamp":"2025-12-21T20:33:18.025Z"}
{"level":"info","message":{"duration":"234ms","ip":"::1","method":"GET","status":304,"url":"/"},"timestamp":"2025-12-21T20:43:20.218Z"}
{"level":"info","message":{"duration":"1141ms","ip":"::1","method":"POST","status":201,"url":"/"},"timestamp":"2025-12-21T20:43:45.778Z"}
{"level":"info","message":{"duration":"1188ms","ip":"::1","method":"POST","status":201,"url":"/"},"timestamp":"2025-12-21T20:44:26.541Z"}
{"level":"info","message":{"duration":"389ms","ip":"::1","method":"GET","status":200,"url":"/"},"timestamp":"2025-12-21T20:46:46.178Z"}
{"level":"info","message":{"duration":"7ms","ip":"::1","method":"POST","status":400,"url":"/users/login"},"timestamp":"2025-12-21T20:48:45.188Z"}
{"level":"info","message":{"duration":"280ms","ip":"::1","method":"GET","status":200,"url":"/"},"timestamp":"2025-12-21T20:54:58.235Z"}
{"level":"info","message":{"duration":"791ms","ip":"::1","method":"GET","status":200,"url":"/69485c2a78c07514fbfdca4f"},"timestamp":"2025-12-21T20:55:34.435Z"}
{"level":"info","message":{"duration":"413ms","ip":"::1","method":"GET","status":304,"url":"/69485c2a78c07514fbfdca4f"},"timestamp":"2025-12-21T20:57:25.945Z"}
{"level":"info","message":{"duration":"316ms","ip":"::1","method":"GET","status":200,"url":"/"},"timestamp":"2025-12-21T20:57:26.242Z"}
{"level":"info","message":{"duration":"569ms","ip":"::1","method":"GET","status":304,"url":"/69485c2a78c07514fbfdca4f"},"timestamp":"2025-12-21T20:57:33.312Z"}
{"level":"info","message":{"duration":"565ms","ip":"::1","method":"GET","status":304,"url":"/"},"timestamp":"2025-12-21T20:57:33.316Z"}
{"level":"info","message":{"duration":"463ms","ip":"::1","method":"GET","status":304,"url":"/69485c2a78c07514fbfdca4f"},"timestamp":"2025-12-21T20:57:38.102Z"}
{"level":"info","message":{"duration":"322ms","ip":"::1","method":"GET","status":304,"url":"/"},"timestamp":"2025-12-21T20:57:38.112Z"}
{"level":"info","message":{"duration":"282ms","ip":"::1","method":"GET","status":304,"url":"/"},"timestamp":"2025-12-21T20:58:04.325Z"}
{"level":"info","message":{"duration":"477ms","ip":"::1","method":"GET","status":304,"url":"/69485c2a78c07514fbfdca4f"},"timestamp":"2025-12-21T20:58:04.459Z"}
{"level":"info","message":{"duration":"1009ms","ip":"::1","method":"GET","status":200,"url":"/unread-count"},"timestamp":"2025-12-21T20:58:24.785Z"}
{"level":"info","message":{"duration":"1036ms","ip":"::1","method":"GET","status":200,"url":"/unread-count"},"timestamp":"2025-12-21T20:58:24.803Z"}
{"level":"info","message":{"duration":"1333ms","ip":"::1","method":"GET","status":200,"url":"/"},"timestamp":"2025-12-21T20:58:25.107Z"}
{"level":"info","message":{"duration":"1501ms","ip":"::1","method":"GET","status":200,"url":"/"},"timestamp":"2025-12-21T20:58:25.265Z"}
{"level":"info","message":{"duration":"250ms","ip":"::1","method":"GET","status":304,"url":"/"},"timestamp":"2025-12-21T20:58:30.588Z"}
{"level":"info","message":{"duration":"217ms","ip":"::1","method":"GET","status":304,"url":"/unread-count"},"timestamp":"2025-12-21T20:59:32.004Z"}
{"level":"info","message":{"duration":"220ms","ip":"::1","method":"GET","status":304,"url":"/unread-count"},"timestamp":"2025-12-21T20:59:56.715Z"}
{"level":"info","message":{"duration":"274ms","ip":"::1","method":"GET","status":304,"url":"/"},"timestamp":"2025-12-21T20:59:56.774Z"}
{"level":"info","message":{"duration":"358ms","ip":"::1","method":"GET","status":304,"url":"/"},"timestamp":"2025-12-21T20:59:56.848Z"}
{"level":"info","message":{"duration":"198ms","ip":"::1","method":"GET","status":304,"url":"/unread-count"},"timestamp":"2025-12-21T21:00:26.940Z"}
{"level":"info","message":{"duration":"189ms","ip":"::1","method":"GET","status":304,"url":"/unread-count"},"timestamp":"2025-12-21T21:01:12.245Z"}
{"level":"info","message":{"duration":"194ms","ip":"::1","method":"GET","status":304,"url":"/unread-count"},"timestamp":"2025-12-21T21:01:42.449Z"}
{"level":"info","message":{"duration":"333ms","ip":"::1","method":"GET","status":304,"url":"/unread-count"},"timestamp":"2025-12-21T21:02:39.798Z"}
{"level":"info","message":{"duration":"193ms","ip":"::1","method":"GET","status":304,"url":"/unread-count"},"timestamp":"2025-12-21T21:03:10.005Z"}
{"level":"info","message":{"duration":"210ms","ip":"::1","method":"GET","status":304,"url":"/unread-count"},"timestamp":"2025-12-21T21:03:40.236Z"}
{"level":"info","message":{"duration":"327ms","ip":"::1","method":"GET","status":304,"url":"/unread-count"},"timestamp":"2025-12-21T21:04:10.583Z"}
{"level":"info","message":{"duration":"329ms","ip":"::1","method":"GET","status":304,"url":"/69485c2a78c07514fbfdca4f"},"timestamp":"2025-12-21T21:04:30.764Z"}
{"level":"info","message":{"duration":"295ms","ip":"::1","method":"GET","status":304,"url":"/"},"timestamp":"2025-12-21T21:04:31.310Z"}
{"level":"info","message":{"duration":"181ms","ip":"::1","method":"GET","status":304,"url":"/unread-count"},"timestamp":"2025-12-21T21:04:40.785Z"}
{"level":"info","message":{"duration":"359ms","ip":"::1","method":"GET","status":304,"url":"/unread-count"},"timestamp":"2025-12-21T21:05:01.401Z"}
{"level":"info","message":{"duration":"1835ms","ip":"::1","method":"GET","status":304,"url":"/"},"timestamp":"2025-12-21T21:05:10.248Z"}
{"level":"info","message":{"duration":"351ms","ip":"::1","method":"GET","status":304,"url":"/unread-count"},"timestamp":"2025-12-21T21:05:11.160Z"}
{"level":"info","message":{"duration":"1698ms","ip":"::1","method":"GET","status":304,"url":"/"},"timestamp":"2025-12-21T21:05:35.071Z"}
{"level":"info","message":{"duration":"212ms","ip":"::1","method":"GET","status":304,"url":"/unread-count"},"timestamp":"2025-12-21T21:05:41.393Z"}
{"level":"info","message":{"duration":"318ms","ip":"::1","method":"GET","status":304,"url":"/unread-count"},"timestamp":"2025-12-21T21:06:29.255Z"}
{"level":"info","message":{"duration":"1401ms","ip":"::1","method":"POST","status":201,"url":"/"},"timestamp":"2025-12-21T21:06:53.249Z"}
{"level":"info","message":{"duration":"269ms","ip":"::1","method":"GET","status":200,"url":"/"},"timestamp":"2025-12-21T21:06:53.522Z"}
{"level":"info","message":{"duration":"332ms","ip":"::1","method":"GET","status":200,"url":"/6948616dd8c4f3daa01fd557"},"timestamp":"2025-12-21T21:06:53.735Z"}
{"level":"info","message":{"duration":"243ms","ip":"::1","method":"GET","status":304,"url":"/unread-count"},"timestamp":"2025-12-21T21:07:11.662Z"}
{"level":"info","message":{"duration":"236ms","ip":"::1","method":"GET","status":304,"url":"/unread-count"},"timestamp":"2025-12-21T21:07:41.918Z"}
{"level":"info","message":{"duration":"229ms","ip":"::1","method":"GET","status":304,"url":"/unread-count"},"timestamp":"2025-12-21T21:08:12.164Z"}
{"level":"info","message":{"duration":"248ms","ip":"::1","method":"GET","status":304,"url":"/unread-count"},"timestamp":"2025-12-21T21:08:26.765Z"}
{"level":"info","message":{"duration":"276ms","ip":"::1","method":"GET","status":304,"url":"/unread-count"},"timestamp":"2025-12-21T21:09:12.477Z"}
{"level":"info","message":{"duration":"321ms","ip":"::1","method":"GET","status":304,"url":"/unread-count"},"timestamp":"2025-12-21T21:09:42.822Z"}
{"level":"info","message":{"duration":"197ms","ip":"::1","method":"GET","status":200,"url":"/"},"timestamp":"2025-12-21T21:11:24.283Z"}
{"level":"info","message":{"duration":"325ms","ip":"::1","method":"GET","status":304,"url":"/"},"timestamp":"2025-12-21T21:11:24.347Z"}
{"level":"info","message":{"duration":"267ms","ip":"::1","method":"GET","status":304,"url":"/"},"timestamp":"2025-12-21T21:11:24.350Z"}
{"level":"info","message":{"duration":"197ms","ip":"::1","method":"GET","status":304,"url":"/"},"timestamp":"2025-12-21T21:12:35.330Z"}
{"level":"info","message":{"duration":"234ms","ip":"::1","method":"GET","status":304,"url":"/unread-count"},"timestamp":"2025-12-21T21:12:35.363Z"}
{"level":"info","message":{"duration":"273ms","ip":"::1","method":"GET","status":304,"url":"/"},"timestamp":"2025-12-21T21:12:35.400Z"}
{"level":"info","message":{"duration":"212ms","ip":"::1","method":"GET","status":304,"url":"/unread-count"},"timestamp":"2025-12-21T21:13:05.766Z"}
{"level":"info","message":{"duration":"216ms","ip":"::1","method":"GET","status":304,"url":"/unread-count"},"timestamp":"2025-12-21T21:13:20.038Z"}
{"level":"info","message":{"duration":"209ms","ip":"::1","method":"GET","status":304,"url":"/unread-count"},"timestamp":"2025-12-21T21:13:50.263Z"}
{"level":"info","message":{"duration":"384ms","ip":"::1","method":"GET","status":304,"url":"/unread-count"},"timestamp":"2025-12-21T21:14:20.666Z"}
{"level":"info","message":{"duration":"300ms","ip":"::1","method":"GET","status":304,"url":"/6948616dd8c4f3daa01fd557"},"timestamp":"2025-12-21T21:15:28.912Z"}
{"level":"info","message":{"duration":"236ms","ip":"::1","method":"GET","status":304,"url":"/unread-count"},"timestamp":"2025-12-21T21:15:59.222Z"}
{"level":"info","message":{"duration":"340ms","ip":"::1","method":"POST","status":200,"url":"/logout"},"timestamp":"2025-12-21T21:16:14.226Z"}
{"level":"info","message":{"duration":"203ms","ip":"::1","method":"GET","status":304,"url":"/unread-count"},"timestamp":"2025-12-21T21:16:24.781Z"}
{"level":"info","message":{"duration":"250ms","ip":"::1","method":"GET","status":304,"url":"/"},"timestamp":"2025-12-21T21:16:24.830Z"}
{"level":"info","message":{"duration":"333ms","ip":"::1","method":"GET","status":304,"url":"/"},"timestamp":"2025-12-21T21:16:24.908Z"}
{"level":"info","message":{"duration":"318ms","ip":"::1","method":"POST","status":200,"url":"/logout"},"timestamp":"2025-12-21T21:16:28.246Z"}
{"level":"info","message":{"duration":"230ms","ip":"::1","method":"POST","status":200,"url":"/login"},"timestamp":"2025-12-21T21:17:52.898Z"}
{"level":"info","message":{"duration":"231ms","ip":"::1","method":"GET","status":304,"url":"/"},"timestamp":"2025-12-21T21:17:53.301Z"}
{"level":"info","message":{"duration":"288ms","ip":"::1","method":"GET","status":304,"url":"/"},"timestamp":"2025-12-21T21:17:53.355Z"}
{"level":"info","message":{"duration":"315ms","ip":"::1","method":"POST","status":200,"url":"/logout"},"timestamp":"2025-12-21T21:18:09.077Z"}
{"level":"info","message":{"duration":"1129ms","ip":"::1","method":"POST","status":200,"url":"/login"},"timestamp":"2025-12-21T21:18:33.691Z"}
{"level":"info","message":{"duration":"459ms","ip":"::1","method":"GET","status":304,"url":"/"},"timestamp":"2025-12-21T21:18:34.501Z"}
{"level":"info","message":{"duration":"495ms","ip":"::1","method":"GET","status":304,"url":"/unread-count"},"timestamp":"2025-12-21T21:18:34.536Z"}
{"level":"info","message":{"duration":"568ms","ip":"::1","method":"GET","status":304,"url":"/"},"timestamp":"2025-12-21T21:18:34.606Z"}
{"level":"info","message":{"duration":"1719ms","ip":"::1","method":"POST","status":200,"url":"/logout"},"timestamp":"2025-12-21T21:18:45.318Z"}
{"level":"info","message":{"duration":"209ms","ip":"::1","method":"POST","status":200,"url":"/login"},"timestamp":"2025-12-21T21:18:55.330Z"}
{"level":"info","message":{"duration":"205ms","ip":"::1","method":"GET","status":304,"url":"/"},"timestamp":"2025-12-21T21:18:55.875Z"}
{"level":"info","message":{"duration":"228ms","ip":"::1","method":"GET","status":304,"url":"/unread-count"},"timestamp":"2025-12-21T21:18:55.896Z"}
{"level":"info","message":{"duration":"301ms","ip":"::1","method":"GET","status":304,"url":"/"},"timestamp":"2025-12-21T21:18:55.967Z"}
{"level":"info","message":{"duration":"302ms","ip":"::1","method":"POST","status":200,"url":"/logout"},"timestamp":"2025-12-21T21:18:59.730Z"}
{"level":"info","message":{"duration":"198ms","ip":"::1","method":"POST","status":200,"url":"/login"},"timestamp":"2025-12-21T21:22:08.275Z"}
{"level":"info","message":{"duration":"192ms","ip":"::1","method":"GET","status":304,"url":"/"},"timestamp":"2025-12-21T21:22:08.810Z"}
{"level":"info","message":{"duration":"234ms","ip":"::1","method":"GET","status":304,"url":"/unread-count"},"timestamp":"2025-12-21T21:22:08.851Z"}
{"level":"info","message":{"duration":"254ms","ip":"::1","method":"GET","status":304,"url":"/"},"timestamp":"2025-12-21T21:22:08.869Z"}
{"level":"info","message":{"duration":"277ms","ip":"::1","method":"POST","status":200,"url":"/logout"},"timestamp":"2025-12-21T21:22:13.522Z"}
{"level":"info","message":{"duration":"16ms","ip":"::1","method":"GET","status":404,"url":"/src/workers/dataWorker.ts?worker_file&type=module"},"timestamp":"2025-12-23T20:00:50.154Z"}
{"level":"info","message":{"duration":"2ms","ip":"::1","method":"GET","status":404,"url":"/src/assets/Baq%20Labs%20logo%20png%201_1756260843531.png"},"timestamp":"2025-12-23T20:00:51.344Z"}
{"level":"info","message":{"duration":"1ms","ip":"::1","method":"GET","status":404,"url":"/src/assets/baqlabs%20white%20text.png"},"timestamp":"2025-12-23T20:00:51.346Z"}
{"level":"info","message":{"duration":"307ms","ip":"::1","method":"POST","status":200,"url":"/login"},"timestamp":"2025-12-23T20:01:00.766Z"}
{"level":"info","message":{"duration":"231ms","ip":"::1","method":"GET","status":304,"url":"/unread-count"},"timestamp":"2025-12-23T20:01:01.351Z"}
{"level":"info","message":{"duration":"238ms","ip":"::1","method":"GET","status":200,"url":"/?sortBy=updatedOn&sortOrder=-1"},"timestamp":"2025-12-23T20:01:01.360Z"}
{"level":"info","message":{"duration":"366ms","ip":"::1","method":"GET","status":200,"url":"/"},"timestamp":"2025-12-23T20:01:01.482Z"}
{"level":"info","message":{"duration":"328ms","ip":"::1","method":"GET","status":304,"url":"/unread-count"},"timestamp":"2025-12-23T20:01:13.650Z"}
{"level":"info","message":{"duration":"332ms","ip":"::1","method":"GET","status":304,"url":"/?sortBy=updatedOn&sortOrder=-1"},"timestamp":"2025-12-23T20:01:13.656Z"}
{"level":"info","message":{"duration":"543ms","ip":"::1","method":"GET","status":304,"url":"/"},"timestamp":"2025-12-23T20:01:13.862Z"}
{"level":"info","message":{"duration":"276ms","ip":"::1","method":"GET","status":200,"url":"/"},"timestamp":"2025-12-23T20:01:15.376Z"}
{"level":"info","message":{"duration":"319ms","ip":"::1","method":"PUT","status":200,"url":"/notifications"},"timestamp":"2025-12-23T20:01:20.178Z"}
{"level":"info","message":{"duration":"365ms","ip":"::1","method":"PUT","status":200,"url":"/notifications"},"timestamp":"2025-12-23T20:01:21.123Z"}
{"level":"info","message":{"duration":"1866ms","ip":"::1","method":"GET","status":304,"url":"/"},"timestamp":"2025-12-23T20:01:45.873Z"}
{"level":"info","message":{"duration":"1868ms","ip":"::1","method":"GET","status":200,"url":"/"},"timestamp":"2025-12-23T20:01:45.882Z"}
{"level":"info","message":{"duration":"2187ms","ip":"::1","method":"GET","status":304,"url":"/unread-count"},"timestamp":"2025-12-23T20:01:46.199Z"}
{"level":"info","message":{"duration":"223ms","ip":"::1","method":"GET","status":304,"url":"/?sortBy=updatedOn&sortOrder=-1"},"timestamp":"2025-12-23T20:01:47.637Z"}
{"level":"info","message":{"duration":"311ms","ip":"::1","method":"GET","status":200,"url":"/6948616dd8c4f3daa01fd557"},"timestamp":"2025-12-23T20:01:50.076Z"}
{"level":"info","message":{"duration":"344ms","ip":"::1","method":"GET","status":200,"url":"/6948616dd8c4f3daa01fd557/versions?limit=10"},"timestamp":"2025-12-23T20:01:50.476Z"}
{"level":"info","message":{"duration":"231ms","ip":"::1","method":"GET","status":304,"url":"/unread-count"},"timestamp":"2025-12-23T20:02:20.379Z"}
{"level":"info","message":{"duration":"243ms","ip":"::1","method":"GET","status":304,"url":"/?sortBy=updatedOn&sortOrder=-1"},"timestamp":"2025-12-23T20:02:47.331Z"}
{"level":"info","message":{"duration":"250ms","ip":"::1","method":"GET","status":304,"url":"/unread-count"},"timestamp":"2025-12-23T20:02:47.333Z"}
{"level":"info","message":{"duration":"365ms","ip":"::1","method":"GET","status":304,"url":"/"},"timestamp":"2025-12-23T20:02:47.445Z"}
{"level":"info","message":{"duration":"249ms","ip":"::1","method":"GET","status":304,"url":"/?sortBy=updatedOn&sortOrder=-1"},"timestamp":"2025-12-23T20:02:58.246Z"}
{"level":"info","message":{"duration":"228ms","ip":"::1","method":"GET","status":304,"url":"/unread-count"},"timestamp":"2025-12-23T20:04:47.721Z"}
{"level":"info","message":{"duration":"300ms","ip":"::1","method":"GET","status":200,"url":"/?filterType=all&sortBy=updatedOn&sortOrder=-1"},"timestamp":"2025-12-23T20:07:25.421Z"}
{"level":"info","message":{"duration":"234ms","ip":"::1","method":"GET","status":200,"url":"/?filterType=shared&sortBy=updatedOn&sortOrder=-1"},"timestamp":"2025-12-23T20:08:38.104Z"}
{"level":"info","message":{"duration":"237ms","ip":"::1","method":"GET","status":200,"url":"/?filterType=owned&sortBy=updatedOn&sortOrder=-1"},"timestamp":"2025-12-23T20:08:40.849Z"}
{"level":"info","message":{"duration":"244ms","ip":"::1","method":"GET","status":304,"url":"/?filterType=all&sortBy=updatedOn&sortOrder=-1"},"timestamp":"2025-12-23T20:08:44.992Z"}
{"level":"info","message":{"duration":"234ms","ip":"::1","method":"GET","status":304,"url":"/unread-count"},"timestamp":"2025-12-23T20:09:25.410Z"}
{"level":"info","message":{"duration":"305ms","ip":"::1","method":"GET","status":304,"url":"/?filterType=all&sortBy=updatedOn&sortOrder=-1"},"timestamp":"2025-12-23T20:13:41.623Z"}
{"level":"info","message":{"duration":"381ms","ip":"::1","method":"GET","status":304,"url":"/"},"timestamp":"2025-12-23T20:14:09.384Z"}
{"level":"info","message":{"duration":"272ms","ip":"::1","method":"GET","status":304,"url":"/?filterType=shared&sortBy=updatedOn&sortOrder=-1"},"timestamp":"2025-12-23T20:14:10.967Z"}
{"level":"info","message":{"duration":"270ms","ip":"::1","method":"GET","status":304,"url":"/unread-count"},"timestamp":"2025-12-23T20:14:11.768Z"}
{"level":"info","message":{"duration":"259ms","ip":"::1","method":"GET","status":304,"url":"/?filterType=owned&sortBy=updatedOn&sortOrder=-1"},"timestamp":"2025-12-23T20:14:12.643Z"}
{"level":"info","message":{"duration":"1540ms","ip":"::1","method":"GET","status":200,"url":"/?filterType=all&isPinned=true&sortBy=updatedOn&sortOrder=-1"},"timestamp":"2025-12-23T20:14:19.753Z"}
{"level":"info","message":{"duration":"317ms","ip":"::1","method":"GET","status":200,"url":"/search?q=g&filterType=all&sortBy=updatedOn&sortOrder=-1"},"timestamp":"2025-12-23T20:14:36.879Z"}
{"level":"info","message":{"duration":"233ms","ip":"::1","method":"GET","status":200,"url":"/search?q=m&filterType=all&sortBy=updatedOn&sortOrder=-1"},"timestamp":"2025-12-23T20:14:41.867Z"}
{"level":"info","message":{"duration":"230ms","ip":"::1","method":"GET","status":304,"url":"/unread-count"},"timestamp":"2025-12-23T20:14:42.018Z"}
